

1aa


perf

waqafa	waqafā	waqafū
waqafat	waqafatā	waqafna
waqafta	waqaftumā	waqaftum
waqafti	waqaftumā	waqaftunna
waqaftu	waqafnā	waqafnā

juss

yaqaf	yaqafā	yaqafū
taqaf	taqafā	yaqafna
taqaf	taqafā	taqafū
taqafī	taqafā	taqafna
ˀaqaf	naqaf	naqaf

impf

yaqafu	yaqafāni	yaqafūna
taqafu	taqafāni	yaqafna
taqafu	taqafāni	taqafūna
taqafīna	taqafāni	taqafna
ˀaqafu	naqafu	naqafu

subj

yaqafa	yaqafā	yaqafū
taqafa	taqafā	yaqafna
taqafa	taqafā	taqafū
taqafī	taqafā	taqafna
ˀaqafa	naqafa	naqafa

impv

iwqaf	iwqafā	iwqafū
iwqafī	iwqafā	iwqafna

actp

wāqif	
pasp

maqūf	
masd

DICTIONARY FORM


1ai


perf

waqafa	waqafā	waqafū
waqafat	waqafatā	waqafna
waqafta	waqaftumā	waqaftum
waqafti	waqaftumā	waqaftunna
waqaftu	waqafnā	waqafnā

juss

yaqif	yaqifā	yaqifū
taqif	taqifā	yaqifna
taqif	taqifā	taqifū
taqifī	taqifā	taqifna
ˀaqif	naqif	naqif

impf

yaqifu	yaqifāni	yaqifūna
taqifu	taqifāni	yaqifna
taqifu	taqifāni	taqifūna
taqifīna	taqifāni	taqifna
ˀaqifu	naqifu	naqifu

subj

yaqifa	yaqifā	yaqifū
taqifa	taqifā	yaqifna
taqifa	taqifā	taqifū
taqifī	taqifā	taqifna
ˀaqifa	naqifa	naqifa

impv

iwqif	iwqifā	iwqifū
iwqifī	iwqifā	iwqifna

actp

wāqif	
pasp

maqūf	
masd

DICTIONARY FORM


1au


perf

waqafa	waqafā	waqafū
waqafat	waqafatā	waqafna
waqafta	waqaftumā	waqaftum
waqafti	waqaftumā	waqaftunna
waqaftu	waqafnā	waqafnā

juss

yaquf	yaqufā	yaqufū
taquf	taqufā	yaqufna
taquf	taqufā	taqufū
taqufī	taqufā	taqufna
ˀaquf	naquf	naquf

impf

yaqufu	yaqufāni	yaqufūna
taqufu	taqufāni	yaqufna
taqufu	taqufāni	taqufūna
taqufīna	taqufāni	taqufna
ˀaqufu	naqufu	naqufu

subj

yaqufa	yaqufā	yaqufū
taqufa	taqufā	yaqufna
taqufa	taqufā	taqufū
taqufī	taqufā	taqufna
ˀaqufa	naqufa	naqufa

impv

uwquf	uwqufā	uwqufū
uwqufī	uwqufā	uwqufna

actp

wāqif	
pasp

maqūf	
masd

DICTIONARY FORM


1ia


perf

waqifa	waqifā	waqifū
waqifat	waqifatā	waqifna
waqifta	waqiftumā	waqiftum
waqifti	waqiftumā	waqiftunna
waqiftu	waqifnā	waqifnā

juss

yaqaf	yaqafā	yaqafū
taqaf	taqafā	yaqafna
taqaf	taqafā	taqafū
taqafī	taqafā	taqafna
ˀaqaf	naqaf	naqaf

impf

yaqafu	yaqafāni	yaqafūna
taqafu	taqafāni	yaqafna
taqafu	taqafāni	taqafūna
taqafīna	taqafāni	taqafna
ˀaqafu	naqafu	naqafu

subj

yaqafa	yaqafā	yaqafū
taqafa	taqafā	yaqafna
taqafa	taqafā	taqafū
taqafī	taqafā	taqafna
ˀaqafa	naqafa	naqafa

impv

iwqaf	iwqafā	iwqafū
iwqafī	iwqafā	iwqafna

actp

wāqif	
pasp

maqūf	
masd

DICTIONARY FORM


1uu


perf

waqufa	waqufā	waqufū
waqufat	waqufatā	waqufna
waqufta	waquftumā	waquftum
waqufti	waquftumā	waquftunna
waquftu	waqufnā	waqufnā

juss

yaquf	yaqufā	yaqufū
taquf	taqufā	yaqufna
taquf	taqufā	taqufū
taqufī	taqufā	taqufna
ˀaquf	naquf	naquf

impf

yaqufu	yaqufāni	yaqufūna
taqufu	taqufāni	yaqufna
taqufu	taqufāni	taqufūna
taqufīna	taqufāni	taqufna
ˀaqufu	naqufu	naqufu

subj

yaqufa	yaqufā	yaqufū
taqufa	taqufā	yaqufna
taqufa	taqufā	taqufū
taqufī	taqufā	taqufna
ˀaqufa	naqufa	naqufa

impv

uwquf	uwqufā	uwqufū
uwqufī	uwqufā	uwqufna

actp

wāqif	
pasp

maqūf	
masd

DICTIONARY FORM


2


perf

waqqafa	waqqafā	waqqafū
waqqafat	waqqafatā	waqqafna
waqqafta	waqqaftumā	waqqaftum
waqqafti	waqqaftumā	waqqaftunna
waqqaftu	waqqafnā	waqqafnā

juss

yuwaqqif	yuwaqqifā	yuwaqqifū
tuwaqqif	tuwaqqifā	yuwaqqifna
tuwaqqif	tuwaqqifā	tuwaqqifū
tuwaqqifī	tuwaqqifā	tuwaqqifna
ˀuwaqqif	nuwaqqif	nuwaqqif

impf

yuwaqqifu	yuwaqqifāni	yuwaqqifūna
tuwaqqifu	tuwaqqifāni	yuwaqqifna
tuwaqqifu	tuwaqqifāni	tuwaqqifūna
tuwaqqifīna	tuwaqqifāni	tuwaqqifna
ˀuwaqqifu	nuwaqqifu	nuwaqqifu

subj

yuwaqqifa	yuwaqqifā	yuwaqqifū
tuwaqqifa	tuwaqqifā	yuwaqqifna
tuwaqqifa	tuwaqqifā	tuwaqqifū
tuwaqqifī	tuwaqqifā	tuwaqqifna
ˀuwaqqifa	nuwaqqifa	nuwaqqifa

impv

waqqif	waqqifā	waqqifū
waqqifī	waqqifā	waqqifna

actp

muwaqqif	
pasp

muwaqqaf	
masd

tawqīf


3


perf

wāqafa	wāqafā	wāqafū
wāqafat	wāqafatā	wāqafna
wāqafta	wāqaftumā	wāqaftum
wāqafti	wāqaftumā	wāqaftunna
wāqaftu	wāqafnā	wāqafnā

juss

yuwāqif	yuwāqifā	yuwāqifū
tuwāqif	tuwāqifā	yuwāqifna
tuwāqif	tuwāqifā	tuwāqifū
tuwāqifī	tuwāqifā	tuwāqifna
ˀuwāqif	nuwāqif	nuwāqif

impf

yuwāqifu	yuwāqifāni	yuwāqifūna
tuwāqifu	tuwāqifāni	yuwāqifna
tuwāqifu	tuwāqifāni	tuwāqifūna
tuwāqifīna	tuwāqifāni	tuwāqifna
ˀuwāqifu	nuwāqifu	nuwāqifu

subj

yuwāqifa	yuwāqifā	yuwāqifū
tuwāqifa	tuwāqifā	yuwāqifna
tuwāqifa	tuwāqifā	tuwāqifū
tuwāqifī	tuwāqifā	tuwāqifna
ˀuwāqifa	nuwāqifa	nuwāqifa

impv

wāqif	wāqifā	wāqifū
wāqifī	wāqifā	wāqifna

actp

muwāqif	
pasp

muwāqaf	
masd

wiqāf / muwāqafat


4


perf

ˀawqafa	ˀawqafā	ˀawqafū
ˀawqafat	ˀawqafatā	ˀawqafna
ˀawqafta	ˀawqaftumā	ˀawqaftum
ˀawqafti	ˀawqaftumā	ˀawqaftunna
ˀawqaftu	ˀawqafnā	ˀawqafnā

juss

yuwqif	yuwqifā	yuwqifū
tuwqif	tuwqifā	yuwqifna
tuwqif	tuwqifā	tuwqifū
tuwqifī	tuwqifā	tuwqifna
ˀuwqif	nuwqif	nuwqif

impf

yuwqifu	yuwqifāni	yuwqifūna
tuwqifu	tuwqifāni	yuwqifna
tuwqifu	tuwqifāni	tuwqifūna
tuwqifīna	tuwqifāni	tuwqifna
ˀuwqifu	nuwqifu	nuwqifu

subj

yuwqifa	yuwqifā	yuwqifū
tuwqifa	tuwqifā	yuwqifna
tuwqifa	tuwqifā	tuwqifū
tuwqifī	tuwqifā	tuwqifna
ˀuwqifa	nuwqifa	nuwqifa

impv

ˀawqif	ˀawqifā	ˀawqifū
ˀawqifī	ˀawqifā	ˀawqifna

actp

muwqif	
pasp

muwqal	
masd

ˀiwqāf


5


perf

tawaqqafa	tawaqqafā	tawaqqafū
tawaqqafat	tawaqqafatā	tawaqqafna
tawaqqafta	tawaqqaftumā	tawaqqaftum
tawaqqafti	tawaqqaftumā	tawaqqaftunna
tawaqqaftu	tawaqqafnā	tawaqqafnā

juss

yatawaqqaf	yatawaqqafā	yatawaqqafū
tatawaqqaf	tatawaqqafā	yatawaqqafna
tatawaqqaf	tatawaqqafā	tatawaqqafū
tatawaqqafī	tatawaqqafā	tatawaqqafna
ˀatawaqqaf	natawaqqaf	natawaqqaf

impf

yatawaqqafu	yatawaqqafāni	yatawaqqafūna
tatawaqqafu	tatawaqqafāni	yatawaqqafna
tatawaqqafu	tatawaqqafāni	tatawaqqafūna
tatawaqqafīna	tatawaqqafāni	tatawaqqafna
ˀatawaqqafu	natawaqqafu	natawaqqafu

subj

yatawaqqafa	yatawaqqafā	yatawaqqafū
tatawaqqafa	tatawaqqafā	yatawaqqafna
tatawaqqafa	tatawaqqafā	tatawaqqafū
tatawaqqafī	tatawaqqafā	tatawaqqafna
ˀatawaqqafa	natawaqqafa	natawaqqafa

impv

tawaqqaf	tawaqqafā	tawaqqafū
tawaqqafī	tawaqqafā	tawaqqafna

actp

mutawaqqif	
pasp

mutawaqqaf	
masd

tawaqquf


6


perf

tawāqafa	tawāqafā	tawāqafū
tawāqafat	tawāqafatā	tawāqafna
tawāqafta	tawāqaftumā	tawāqaftum
tawāqafti	tawāqaftumā	tawāqaftunna
tawāqaftu	tawāqafnā	tawāqafnā

juss

yatawāqaf	yatawāqafā	yatawāqafū
tatawāqaf	tatawāqafā	yatawāqafna
tatawāqaf	tatawāqafā	tatawāqafū
tatawāqafī	tatawāqafā	tatawāqafna
ˀatawāqaf	natawāqaf	natawāqaf

impf

yatawāqafu	yatawāqafāni	yatawāqafūna
tatawāqafu	tatawāqafāni	yatawāqafna
tatawāqafu	tatawāqafāni	tatawāqafūna
tatawāqafīna	tatawāqafāni	tatawāqafna
ˀatawāqafu	natawāqafu	natawāqafu

subj

yatawāqafa	yatawāqafā	yatawāqafū
tatawāqafa	tatawāqafā	yatawāqafna
tatawāqafa	tatawāqafā	tatawāqafū
tatawāqafī	tatawāqafā	tatawāqafna
ˀatawāqafa	natawāqafa	natawāqafa

impv

tawāqaf	tawāqafā	tawāqafū
tawāqafī	tawāqafā	tawāqafna

actp

mutawāqif	
pasp

mutawāqaf	
masd

tawāquf


7


perf

inwaqafa	inwaqafā	inwaqafū
inwaqafat	inwaqafatā	inwaqafna
inwaqafta	inwaqaftumā	inwaqaftum
inwaqafti	inwaqaftumā	inwaqaftunna
inwaqaftu	inwaqafnā	inwaqafnā

juss

yanwaqif	yanwaqifā	yanwaqifū
tanwaqif	tanwaqifā	yanwaqifna
tanwaqif	tanwaqifā	tanwaqifū
tanwaqifī	tanwaqifā	tanwaqifna
ˀanwaqif	nanwaqif	nanwaqif

impf

yanwaqifu	yanwaqifāni	yanwaqifūna
tanwaqifu	tanwaqifāni	yanwaqifna
tanwaqifu	tanwaqifāni	tanwaqifūna
tanwaqifīna	tanwaqifāni	tanwaqifna
ˀanwaqifu	nanwaqifu	nanwaqifu

subj

yanwaqifa	yanwaqifā	yanwaqifū
tanwaqifa	tanwaqifā	yanwaqifna
tanwaqifa	tanwaqifā	tanwaqifū
tanwaqifī	tanwaqifā	tanwaqifna
ˀanwaqifa	nanwaqifa	nanwaqifa

impv

inwaqif	inwaqifā	inwaqifū
inwaqifī	inwaqifā	inwaqifna

actp

munwaqif	
pasp

munwaqaf	
masd

inwiqāf


8


perf

ittaqafa	ittaqafā	ittaqafū
ittaqafat	ittaqafatā	ittaqafna
ittaqafta	ittaqaftumā	ittaqaftum
ittaqafti	ittaqaftumā	ittaqaftunna
ittaqaftu	ittaqafnā	ittaqafnā

juss

yawtaqif	yawtaqifā	yawtaqifū
tawtaqif	tawtaqifā	yawtaqifna
tawtaqif	tawtaqifā	tawtaqifū
tawtaqifī	tawtaqifā	tawtaqifna
ˀawtaqif	nawtaqif	nawtaqif

impf

yawtaqifu	yawtaqifāni	yawtaqifūna
tawtaqifu	tawtaqifāni	yawtaqifna
tawtaqifu	tawtaqifāni	tawtaqifūna
tawtaqifīna	tawtaqifāni	tawtaqifna
ˀawtaqifu	nawtaqifu	nawtaqifu

subj

yawtaqifa	yawtaqifā	yawtaqifū
tawtaqifa	tawtaqifā	yawtaqifna
tawtaqifa	tawtaqifā	tawtaqifū
tawtaqifī	tawtaqifā	tawtaqifna
ˀawtaqifa	nawtaqifa	nawtaqifa

impv

ittaqif	ittaqifā	ittaqifū
ittaqifī	ittaqifā	ittaqifna

actp

muwtaqif	
pasp

muwtaqaf	
masd

iwtiqāf


10


perf

istawqafa	istawqafā	istawqafū
istawqafat	istawqafatā	istawqafna
istawqafta	istawqaftumā	istawqaftum
istawqafti	istawqaftumā	istawqaftunna
istawqaftu	istawqafnā	istawqafnā

juss

yastawqif	yastawqifā	yastawqifū
tastawqif	tastawqifā	yastawqifna
tastawqif	tastawqifā	tastawqifū
tastawqifī	tastawqifā	tastawqifna
ˀastawqif	nastawqif	nastawqif

impf

yastawqifu	yastawqifāni	yastawqifūna
tastawqifu	tastawqifāni	yastawqifna
tastawqifu	tastawqifāni	tastawqifūna
tastawqifīna	tastawqifāni	tastawqifna
ˀastawqifu	nastawqifu	nastawqifu

subj

yastawqifa	yastawqifā	yastawqifū
tastawqifa	tastawqifā	yastawqifna
tastawqifa	tastawqifā	tastawqifū
tastawqifī	tastawqifā	tastawqifna
ˀastawqifa	nastawqifa	nastawqifa

impv

istawqif	istawqifā	istawqifū
istawqifī	istawqifā	istawqifna

actp

mustawqif	
pasp

mustawqaf	
masd

ˀistiwqāf
